#-----------------------------------------------------------
# Vivado v2015.2 (64-bit)
# SW Build 1266856 on Fri Jun 26 16:35:25 MDT 2015
# IP Build 1264090 on Wed Jun 24 14:22:01 MDT 2015
# Start of session at: Tue Nov 17 22:38:38 2015
# Process ID: 2088
# Log file: C:/Users/hpm/Desktop/fpga_video_game/Final_Project_Lab_8/vivado.log
# Journal file: C:/Users/hpm/Desktop/fpga_video_game/Final_Project_Lab_8\vivado.jou
#-----------------------------------------------------------
start_gui
open_project C:/Users/hpm/Desktop/fpga_video_game/Final_Project_Lab_8/Final_Project_Lab_8.xpr
open_hw
connect_hw_server
open_hw_target [lindex [get_hw_targets -of_objects [get_hw_servers localhost]] 0]
set_property PROGRAM.FILE {C:/Users/hpm/Desktop/fpga_video_game/Final_Project_Lab_8/Final_Project_Lab_8.runs/impl_1/tutorial.bit} [lindex [get_hw_devices] 0]
current_hw_device [lindex [get_hw_devices] 0]
refresh_hw_device -update_hw_probes false [lindex [get_hw_devices] 0]
set_property PROBES.FILE {} [lindex [get_hw_devices] 0]
set_property PROGRAM.FILE {C:/Users/hpm/Desktop/fpga_video_game/Final_Project_Lab_8/Final_Project_Lab_8.runs/impl_1/tutorial.bit} [lindex [get_hw_devices] 0]
program_hw_devices [lindex [get_hw_devices] 0]
refresh_hw_device [lindex [get_hw_devices] 0]
close_hw
remove_files C:/Users/hpm/Desktop/fpga_video_game/Final_Project_Lab_8/Final_Project_Lab_8.srcs/sources_1/imports/software/software.v
file delete -force C:/Users/hpm/Desktop/fpga_video_game/Final_Project_Lab_8/Final_Project_Lab_8.srcs/sources_1/imports/software/software.v
add_files -norecurse C:/Users/hpm/Desktop/fpga_video_game/Final_Project_Lab_8/software/software.v
update_compile_order -fileset sources_1
