#-----------------------------------------------------------
# Vivado v2015.2 (64-bit)
# SW Build 1266856 on Fri Jun 26 16:35:25 MDT 2015
# IP Build 1264090 on Wed Jun 24 14:22:01 MDT 2015
# Start of session at: Wed Dec 02 14:03:06 2015
# Process ID: 6060
# Log file: C:/Users/hpm/Desktop/fpga_video_game/fpga_video_game/latest_fpga_video_game/vivado.log
# Journal file: C:/Users/hpm/Desktop/fpga_video_game/fpga_video_game/latest_fpga_video_game\vivado.jou
#-----------------------------------------------------------
start_gui
open_project C:/Users/hpm/Desktop/fpga_video_game/fpga_video_game/latest_fpga_video_game/latest_fpga_video_game.xpr
open_hw
connect_hw_server -url localhost:3121
current_hw_target [get_hw_targets */xilinx_tcf/Digilent/210183714343A]
disconnect_hw_server localhost:3121
connect_hw_server -url localhost:3121
current_hw_target [get_hw_targets */xilinx_tcf/Digilent/210183714394A]
set_property PARAM.FREQUENCY 15000000 [get_hw_targets */xilinx_tcf/Digilent/210183714394A]
open_hw_target
set_property PROGRAM.FILE {C:/Users/hpm/Desktop/fpga_video_game/fpga_video_game/latest_fpga_video_game/latest_fpga_video_game.runs/impl_1/project.bit} [lindex [get_hw_devices] 0]
current_hw_device [lindex [get_hw_devices] 0]
refresh_hw_device -update_hw_probes false [lindex [get_hw_devices] 0]
set_property PROBES.FILE {} [lindex [get_hw_devices] 0]
set_property PROGRAM.FILE {C:/Users/hpm/Desktop/fpga_video_game/fpga_video_game/latest_fpga_video_game/latest_fpga_video_game.runs/impl_1/project.bit} [lindex [get_hw_devices] 0]
program_hw_devices [lindex [get_hw_devices] 0]
refresh_hw_device [lindex [get_hw_devices] 0]
